<?xml version="1.0" encoding="utf-8"?><testsuites><testsuite name="pytest" errors="0" failures="0" skipped="0" tests="104" time="2.658" timestamp="2026-06-12T12:55:18.887873+01:00" hostname="coventry"><testcase classname="tests.unit.test_auth" name="test_hash_password_returns_hex_string" file="tests/unit/test_auth.py" line="5" time="0.245" /><testcase classname="tests.unit.test_auth" name="test_hash_password_known_value" file="tests/unit/test_auth.py" line="11" time="0.009" /><testcase classname="tests.unit.test_auth" name="test_hash_password_length" file="tests/unit/test_auth.py" line="16" time="0.009" /><testcase classname="tests.unit.test_auth" name="test_hash_password_empty_string" file="tests/unit/test_auth.py" line="22" time="0.008" /><testcase classname="tests.unit.test_auth" name="test_hash_password_is_deterministic" file="tests/unit/test_auth.py" line="27" time="0.009" /><testcase classname="tests.unit.test_auth" name="test_hash_password_different_inputs_differ" file="tests/unit/test_auth.py" line="31" time="0.008" /><testcase classname="tests.unit.test_client" name="test_client_repr_unauthenticated" file="tests/unit/test_client.py" line="57" time="0.093" /><testcase classname="tests.unit.test_client" name="test_client_is_authenticated_false_initially" file="tests/unit/test_client.py" line="63" time="0.008" /><testcase classname="tests.unit.test_client" name="test_client_does_not_store_plaintext_password" file="tests/unit/test_client.py" line="67" time="0.008" /><testcase classname="tests.unit.test_client" name="test_base_url_requires_https_remote" file="tests/unit/test_client.py" line="76" time="0.011" /><testcase classname="tests.unit.test_client" name="test_base_url_allows_http_localhost" file="tests/unit/test_client.py" line="81" time="0.009" /><testcase classname="tests.unit.test_client" name="test_base_url_blocks_localhost_bypass" file="tests/unit/test_client.py" line="88" time="0.009" /><testcase classname="tests.unit.test_client" name="test_login_success" file="tests/unit/test_client.py" line="98" time="0.013" /><testcase classname="tests.unit.test_client" name="test_login_sends_sha1_password" file="tests/unit/test_client.py" line="110" time="0.015" /><testcase classname="tests.unit.test_client" name="test_login_failure_raises_auth_error" file="tests/unit/test_client.py" line="125" time="0.013" /><testcase classname="tests.unit.test_client" name="test_login_http_error_raises_http_error" file="tests/unit/test_client.py" line="138" time="0.015" /><testcase classname="tests.unit.test_client" name="test_logout_clears_token" file="tests/unit/test_client.py" line="146" time="0.013" /><testcase classname="tests.unit.test_client" name="test_auto_login_triggered_on_first_request" file="tests/unit/test_client.py" line="161" time="0.012" /><testcase classname="tests.unit.test_client" name="test_check_email_registered" file="tests/unit/test_client.py" line="180" time="0.011" /><testcase classname="tests.unit.test_client" name="test_check_email_not_registered" file="tests/unit/test_client.py" line="192" time="0.011" /><testcase classname="tests.unit.test_client" name="test_check_email_sends_header" file="tests/unit/test_client.py" line="204" time="0.011" /><testcase classname="tests.unit.test_client" name="test_get_usage" file="tests/unit/test_client.py" line="222" time="0.013" /><testcase classname="tests.unit.test_client" name="test_get_usage_sends_auth_token" file="tests/unit/test_client.py" line="232" time="0.013" /><testcase classname="tests.unit.test_client" name="test_get_level_pay_usage" file="tests/unit/test_client.py" line="246" time="0.013" /><testcase classname="tests.unit.test_client" name="test_get_balance" file="tests/unit/test_client.py" line="262" time="0.014" /><testcase classname="tests.unit.test_client" name="test_get_active_topups" file="tests/unit/test_client.py" line="277" time="0.013" /><testcase classname="tests.unit.test_client" name="test_compare_usage" file="tests/unit/test_client.py" line="296" time="0.012" /><testcase classname="tests.unit.test_client" name="test_get_config_info" file="tests/unit/test_client.py" line="310" time="0.013" /><testcase classname="tests.unit.test_client" name="test_get_defaults_info" file="tests/unit/test_client.py" line="326" time="0.013" /><testcase classname="tests.unit.test_client" name="test_get_notification_preferences" file="tests/unit/test_client.py" line="342" time="0.013" /><testcase classname="tests.unit.test_client" name="test_update_device_token" file="tests/unit/test_client.py" line="357" time="0.013" /><testcase classname="tests.unit.test_client" name="test_update_device_token_sends_payload" file="tests/unit/test_client.py" line="370" time="0.013" /><testcase classname="tests.unit.test_client" name="test_get_version" file="tests/unit/test_client.py" line="396" time="0.010" /><testcase classname="tests.unit.test_client" name="test_api_error_raises_pinergy_api_error" file="tests/unit/test_client.py" line="415" time="0.013" /><testcase classname="tests.unit.test_client" name="test_http_error_raises_pinergy_http_error" file="tests/unit/test_client.py" line="431" time="0.013" /><testcase classname="tests.unit.test_client" name="test_401_raises_auth_error" file="tests/unit/test_client.py" line="439" time="0.012" /><testcase classname="tests.unit.test_client" name="test_token_rejection_in_body_raises_auth_error" file="tests/unit/test_client.py" line="447" time="0.015" /><testcase classname="tests.unit.test_client" name="test_user_agent_header_sent" file="tests/unit/test_client.py" line="469" time="0.012" /><testcase classname="tests.unit.test_client" name="test_pinergy_api_error_repr" file="tests/unit/test_client.py" line="482" time="0.008" /><testcase classname="tests.unit.test_client" name="test_get_raises_http_error_on_connection_error" file="tests/unit/test_client.py" line="492" time="0.013" /><testcase classname="tests.unit.test_client" name="test_login_raises_http_error_on_connection_error" file="tests/unit/test_client.py" line="505" time="0.012" /><testcase classname="tests.unit.test_client" name="test_check_email_raises_http_error_on_connection_error" file="tests/unit/test_client.py" line="517" time="0.011" /><testcase classname="tests.unit.test_client" name="test_update_device_token_raises_http_error_on_connection_error" file="tests/unit/test_client.py" line="529" time="0.014" /><testcase classname="tests.unit.test_client" name="test_get_version_raises_http_error_on_connection_error" file="tests/unit/test_client.py" line="542" time="0.012" /><testcase classname="tests.unit.test_client" name="test_get_raises_http_error_on_timeout" file="tests/unit/test_client.py" line="554" time="0.013" /><testcase classname="tests.unit.test_logout_behavior" name="test_logout_defeats_auto_login" file="tests/unit/test_logout_behavior.py" line="6" time="0.095" /><testcase classname="tests.unit.test_models" name="test_parse_ts_pair_valid_int" file="tests/unit/test_models.py" line="30" time="0.092" /><testcase classname="tests.unit.test_models" name="test_parse_ts_pair_valid_string" file="tests/unit/test_models.py" line="36" time="0.008" /><testcase classname="tests.unit.test_models" name="test_parse_ts_pair_negative" file="tests/unit/test_models.py" line="42" time="0.008" /><testcase classname="tests.unit.test_models" name="test_parse_ts_pair_none" file="tests/unit/test_models.py" line="48" time="0.008" /><testcase classname="tests.unit.test_models" name="test_parse_ts_pair_empty_string" file="tests/unit/test_models.py" line="54" time="0.008" /><testcase classname="tests.unit.test_models" name="test_parse_ts_pair_invalid_string" file="tests/unit/test_models.py" line="60" time="0.008" /><testcase classname="tests.unit.test_models" name="test_parse_ts_pair_overflow" file="tests/unit/test_models.py" line="66" time="0.008" /><testcase classname="tests.unit.test_models" name="test_ts_to_dt_valid_string" file="tests/unit/test_models.py" line="73" time="0.008" /><testcase classname="tests.unit.test_models" name="test_ts_to_dt_valid_int" file="tests/unit/test_models.py" line="78" time="0.009" /><testcase classname="tests.unit.test_models" name="test_ts_to_dt_none_returns_none" file="tests/unit/test_models.py" line="83" time="0.008" /><testcase classname="tests.unit.test_models" name="test_ts_to_dt_invalid_string_returns_none" file="tests/unit/test_models.py" line="87" time="0.008" /><testcase classname="tests.unit.test_models" name="test_ts_to_dt_result_is_utc" file="tests/unit/test_models.py" line="91" time="0.008" /><testcase classname="tests.unit.test_models" name="test_login_response_parsing" file="tests/unit/test_models.py" line="101" time="0.009" /><testcase classname="tests.unit.test_models" name="test_login_response_user" file="tests/unit/test_models.py" line="110" time="0.009" /><testcase classname="tests.unit.test_models" name="test_login_response_house" file="tests/unit/test_models.py" line="118" time="0.010" /><testcase classname="tests.unit.test_models" name="test_login_response_credit_cards" file="tests/unit/test_models.py" line="125" time="0.009" /><testcase classname="tests.unit.test_models" name="test_usage_response_parsing" file="tests/unit/test_models.py" line="138" time="0.009" /><testcase classname="tests.unit.test_models" name="test_usage_entry_fields" file="tests/unit/test_models.py" line="145" time="0.009" /><testcase classname="tests.unit.test_models" name="test_usage_response_empty_lists" file="tests/unit/test_models.py" line="156" time="0.008" /><testcase classname="tests.unit.test_models" name="test_balance_response_parsing" file="tests/unit/test_models.py" line="168" time="0.009" /><testcase classname="tests.unit.test_models" name="test_balance_response_timestamps" file="tests/unit/test_models.py" line="179" time="0.008" /><testcase classname="tests.unit.test_models" name="test_balance_response_missing_timestamps" file="tests/unit/test_models.py" line="187" time="0.008" /><testcase classname="tests.unit.test_models" name="test_active_topups_parsing" file="tests/unit/test_models.py" line="198" time="0.008" /><testcase classname="tests.unit.test_models" name="test_active_topups_empty" file="tests/unit/test_models.py" line="211" time="0.008" /><testcase classname="tests.unit.test_models" name="test_compare_response_parsing" file="tests/unit/test_models.py" line="222" time="0.011" /><testcase classname="tests.unit.test_models" name="test_compare_period_co2" file="tests/unit/test_models.py" line="231" time="0.031" /><testcase classname="tests.unit.test_models" name="test_config_info_parsing" file="tests/unit/test_models.py" line="241" time="0.015" /><testcase classname="tests.unit.test_models" name="test_defaults_info_parsing" file="tests/unit/test_models.py" line="253" time="0.019" /><testcase classname="tests.unit.test_models" name="test_notification_preferences_parsing" file="tests/unit/test_models.py" line="267" time="0.012" /><testcase classname="tests.unit.test_models" name="test_level_pay_usage_parsing" file="tests/unit/test_models.py" line="280" time="0.009" /><testcase classname="tests.unit.test_models" name="test_sensitive_fields_not_in_repr" file="tests/unit/test_models.py" line="362" time="0.010" /><testcase classname="tests.unit.test_models" name="test_compare_response_empty" file="tests/unit/test_models.py" line="408" time="0.012" /><testcase classname="tests.unit.test_robustness" name="test_context_manager_returns_client_and_closes" file="tests/unit/test_robustness.py" line="53" time="0.106" /><testcase classname="tests.unit.test_robustness" name="test_context_manager_closes_on_exception" file="tests/unit/test_robustness.py" line="63" time="0.016" /><testcase classname="tests.unit.test_robustness" name="test_close_is_idempotent" file="tests/unit/test_robustness.py" line="73" time="0.008" /><testcase classname="tests.unit.test_robustness" name="test_timeout_raises_timeout_error" file="tests/unit/test_robustness.py" line="84" time="0.012" /><testcase classname="tests.unit.test_robustness" name="test_timeout_error_is_http_error_subclass" file="tests/unit/test_robustness.py" line="96" time="0.010" /><testcase classname="tests.unit.test_robustness" name="test_malformed_json_raises_response_error" file="tests/unit/test_robustness.py" line="114" time="0.013" /><testcase classname="tests.unit.test_robustness" name="test_non_object_json_raises_response_error" file="tests/unit/test_robustness.py" line="128" time="0.013" /><testcase classname="tests.unit.test_robustness" name="test_login_missing_auth_token_raises_response_error" file="tests/unit/test_robustness.py" line="136" time="0.011" /><testcase classname="tests.unit.test_robustness" name="test_response_error_is_value_error_and_pinergy_error" file="tests/unit/test_robustness.py" line="143" time="0.009" /><testcase classname="tests.unit.test_robustness" name="test_401_drops_stale_token_for_reauth" file="tests/unit/test_robustness.py" line="154" time="0.013" /><testcase classname="tests.unit.test_robustness" name="test_concurrent_lazy_auth_logs_in_once" file="tests/unit/test_robustness.py" line="167" time="0.061" /><testcase classname="tests.unit.test_robustness" name="test_logout_fails_fast_without_network" file="tests/unit/test_robustness.py" line="188" time="0.012" /><testcase classname="tests.unit.test_robustness" name="test_update_device_token_401_raises_auth_error" file="tests/unit/test_robustness.py" line="200" time="0.013" /><testcase classname="tests.unit.test_robustness" name="test_login_response_tolerates_null_nested_objects" file="tests/unit/test_robustness.py" line="213" time="0.009" /><testcase classname="tests.unit.test_robustness" name="test_usage_entry_tolerates_null_and_junk_scalars" file="tests/unit/test_robustness.py" line="222" time="0.008" /><testcase classname="tests.unit.test_robustness" name="test_usage_response_tolerates_null_buckets" file="tests/unit/test_robustness.py" line="230" time="0.008" /><testcase classname="tests.unit.test_robustness" name="test_level_pay_tolerates_null_usage_data" file="tests/unit/test_robustness.py" line="235" time="0.008" /><testcase classname="tests.unit.test_robustness" name="test_balance_response_tolerates_nulls" file="tests/unit/test_robustness.py" line="241" time="0.008" /><testcase classname="tests.unit.test_robustness" name="test_house_and_heating_types_tolerate_missing_keys" file="tests/unit/test_robustness.py" line="247" time="0.008" /><testcase classname="tests.unit.test_robustness" name="test_defaults_info_tolerates_null_lists" file="tests/unit/test_robustness.py" line="253" time="0.008" /><testcase classname="tests.unit.test_robustness" name="test_user_coerces_non_string_scalars" file="tests/unit/test_robustness.py" line="258" time="0.008" /><testcase classname="tests.unit.test_robustness" name="test_api_error_with_non_numeric_error_code" file="tests/unit/test_robustness.py" line="266" time="0.012" /><testcase classname="tests.unit.test_robustness" name="test_usage_entry_date_dt_alias" file="tests/unit/test_robustness.py" line="288" time="0.008" /><testcase classname="tests.unit.test_robustness" name="test_balance_dt_aliases" file="tests/unit/test_robustness.py" line="293" time="0.008" /><testcase classname="tests.unit.test_robustness" name="test_new_exceptions_exported_from_package_root" file="tests/unit/test_robustness.py" line="304" time="0.008" /><testcase classname="tests.unit.test_robustness" name="test_version_matches_pyproject" file="tests/unit/test_robustness.py" line="311" time="0.009" /></testsuite></testsuites>